<?xml version="1.0" encoding="utf-8" ?>
<result>
	<row>
		<label>/index</label>
		<nb_visits>1</nb_visits>
		<nb_uniq_visitors>1</nb_uniq_visitors>
		<nb_hits>1</nb_hits>
		<sum_time_spent>180</sum_time_spent>
		<sum_time_generation>0.224</sum_time_generation>
		<nb_hits_with_time_generation>1</nb_hits_with_time_generation>
		<min_time_generation>0.224</min_time_generation>
		<max_time_generation>0.224</max_time_generation>
		<avg_bandwidth>0</avg_bandwidth>
		
		<avg_time_on_page>180</avg_time_on_page>
		<bounce_rate>0%</bounce_rate>
		<exit_rate>0%</exit_rate>
		<avg_time_generation>0.224</avg_time_generation>
		<url>http://example.org/</url>
		<segment>pageUrl==http%253A%252F%252Fexample.org%252F</segment>
	</row>
	<row>
		<label>/index.htm</label>
		<nb_visits>1</nb_visits>
		<nb_uniq_visitors>1</nb_uniq_visitors>
		<nb_hits>1</nb_hits>
		<sum_time_spent>0</sum_time_spent>
		<sum_time_generation>0.023</sum_time_generation>
		<nb_hits_with_time_generation>1</nb_hits_with_time_generation>
		<min_time_generation>0.023</min_time_generation>
		<max_time_generation>0.023</max_time_generation>
		<exit_nb_uniq_visitors>1</exit_nb_uniq_visitors>
		<exit_nb_visits>1</exit_nb_visits>
		<avg_bandwidth>0</avg_bandwidth>
		
		<avg_time_on_page>0</avg_time_on_page>
		<bounce_rate>0%</bounce_rate>
		<exit_rate>100%</exit_rate>
		<avg_time_generation>0.023</avg_time_generation>
		<url>http://example.org/index.htm</url>
		<segment>pageUrl==http%253A%252F%252Fexample.org%252Findex.htm</segment>
	</row>
	<row>
		<label>/index.htm?parameter=Should display</label>
		<nb_visits>1</nb_visits>
		<nb_uniq_visitors>1</nb_uniq_visitors>
		<nb_hits>1</nb_hits>
		<sum_time_spent>180</sum_time_spent>
		<sum_time_generation>0.234</sum_time_generation>
		<nb_hits_with_time_generation>1</nb_hits_with_time_generation>
		<min_time_generation>0.234</min_time_generation>
		<max_time_generation>0.234</max_time_generation>
		<entry_nb_uniq_visitors>1</entry_nb_uniq_visitors>
		<entry_nb_visits>1</entry_nb_visits>
		<entry_nb_actions>7</entry_nb_actions>
		
		<entry_bounce_count>0</entry_bounce_count>
		<avg_bandwidth>0</avg_bandwidth>
		
		<avg_time_on_page>180</avg_time_on_page>
		<bounce_rate>0%</bounce_rate>
		<exit_rate>0%</exit_rate>
		<avg_time_generation>0.234</avg_time_generation>
		<url>http://example.org/index.htm?parameter=Should display</url>
		<segment>pageUrl==http%253A%252F%252Fexample.org%252Findex.htm%253Fparameter%253DShould%2Bdisplay</segment>
	</row>
	<row>
		<label>store</label>
		<nb_visits>1</nb_visits>
		<nb_hits>1</nb_hits>
		<sum_time_spent>0</sum_time_spent>
		<sum_time_generation>0.134</sum_time_generation>
		<nb_hits_with_time_generation>1</nb_hits_with_time_generation>
		<min_time_generation>0.134</min_time_generation>
		<max_time_generation>0.134</max_time_generation>
		<entry_nb_visits>1</entry_nb_visits>
		<entry_nb_actions>1</entry_nb_actions>
		
		<entry_bounce_count>1</entry_bounce_count>
		<exit_nb_visits>1</exit_nb_visits>
		<avg_bandwidth>0</avg_bandwidth>
		
		<avg_time_on_page>0</avg_time_on_page>
		<bounce_rate>100%</bounce_rate>
		<exit_rate>100%</exit_rate>
		<avg_time_generation>0.134</avg_time_generation>
		<segment>pageUrl=^http%253A%252F%252Fsite.com%252Fstore</segment>
		<subtable>
			<row>
				<label>/purchase.htm</label>
				<nb_visits>1</nb_visits>
				<nb_uniq_visitors>1</nb_uniq_visitors>
				<nb_hits>1</nb_hits>
				<sum_time_spent>0</sum_time_spent>
				<sum_time_generation>0.134</sum_time_generation>
				<nb_hits_with_time_generation>1</nb_hits_with_time_generation>
				<min_time_generation>0.134</min_time_generation>
				<max_time_generation>0.134</max_time_generation>
				<entry_nb_uniq_visitors>1</entry_nb_uniq_visitors>
				<entry_nb_visits>1</entry_nb_visits>
				<entry_nb_actions>1</entry_nb_actions>
				
				<entry_bounce_count>1</entry_bounce_count>
				<exit_nb_uniq_visitors>1</exit_nb_uniq_visitors>
				<exit_nb_visits>1</exit_nb_visits>
				<avg_time_on_page>0</avg_time_on_page>
				<bounce_rate>100%</bounce_rate>
				<exit_rate>100%</exit_rate>
				<avg_time_generation>0.134</avg_time_generation>
				<url>http://example.org/store/purchase.htm</url>
				<segment>pageUrl==http%253A%252F%252Fexample.org%252Fstore%252Fpurchase.htm</segment>
			</row>
		</subtable>
	</row>
</result>