<?xml version="1.0" encoding="utf-8" ?>
<results>
	<result date="2010-01-03">
		<row>
			<label> first page view</label>
			<nb_visits>2</nb_visits>
			<nb_uniq_visitors>2</nb_uniq_visitors>
			<nb_hits>2</nb_hits>
			<sum_time_spent>0</sum_time_spent>
			<nb_hits_with_time_generation>2</nb_hits_with_time_generation>
			<min_time_generation>0.123</min_time_generation>
			<max_time_generation>0.153</max_time_generation>
			<nb_hits_with_time_latency>2</nb_hits_with_time_latency>
			<min_time_latency>0.2280</min_time_latency>
			<max_time_latency>0.3050</max_time_latency>
			<nb_hits_with_time_transfer>2</nb_hits_with_time_transfer>
			<min_time_transfer>0.3350</min_time_transfer>
			<max_time_transfer>0.4400</max_time_transfer>
			<nb_hits_with_time_dom_processing>2</nb_hits_with_time_dom_processing>
			<min_time_dom_processing>1.0150</min_time_dom_processing>
			<max_time_dom_processing>1.1590</max_time_dom_processing>
			<nb_hits_with_time_dom_completion>2</nb_hits_with_time_dom_completion>
			<min_time_dom_completion>0.2090</min_time_dom_completion>
			<max_time_dom_completion>0.3560</max_time_dom_completion>
			<nb_hits_with_time_on_load>2</nb_hits_with_time_on_load>
			<min_time_on_load>0.3010</min_time_on_load>
			<max_time_on_load>0.4400</max_time_on_load>
			<sum_bandwidth>0</sum_bandwidth>
			<nb_hits_with_bandwidth>0</nb_hits_with_bandwidth>
			<min_bandwidth />
			<max_bandwidth />
			<entry_nb_uniq_visitors>2</entry_nb_uniq_visitors>
			<entry_nb_visits>2</entry_nb_visits>
			<entry_nb_actions>2</entry_nb_actions>
			<entry_sum_visit_length>0</entry_sum_visit_length>
			<entry_bounce_count>2</entry_bounce_count>
			<exit_nb_uniq_visitors>2</exit_nb_uniq_visitors>
			<exit_nb_visits>2</exit_nb_visits>
			<avg_bandwidth>0</avg_bandwidth>
			<avg_time_latency>0.267</avg_time_latency>
			<avg_time_transfer>0.388</avg_time_transfer>
			<avg_time_dom_processing>1.087</avg_time_dom_processing>
			<avg_time_dom_completion>0.283</avg_time_dom_completion>
			<avg_time_on_load>0.371</avg_time_on_load>
			<avg_page_load_time>2.396</avg_page_load_time>
			<avg_time_on_page>0</avg_time_on_page>
			<bounce_rate>100%</bounce_rate>
			<exit_rate>100%</exit_rate>
			<avg_time_generation>0.138</avg_time_generation>
			<segment>pageTitle==first%2Bpage%2Bview</segment>
		</row>
	</result>
	<result date="2010-01-04">
		<row>
			<label> Page Name not defined</label>
			<nb_visits>1</nb_visits>
			<nb_uniq_visitors>1</nb_uniq_visitors>
			<nb_hits>1</nb_hits>
			<sum_time_spent>0</sum_time_spent>
			<nb_hits_with_time_generation>1</nb_hits_with_time_generation>
			<min_time_generation>0.223</min_time_generation>
			<max_time_generation>0.223</max_time_generation>
			<nb_hits_with_time_latency>1</nb_hits_with_time_latency>
			<min_time_latency>0.2280</min_time_latency>
			<max_time_latency>0.2280</max_time_latency>
			<nb_hits_with_time_transfer>1</nb_hits_with_time_transfer>
			<min_time_transfer>0.3350</min_time_transfer>
			<max_time_transfer>0.3350</max_time_transfer>
			<nb_hits_with_time_dom_processing>1</nb_hits_with_time_dom_processing>
			<min_time_dom_processing>1.0150</min_time_dom_processing>
			<max_time_dom_processing>1.0150</max_time_dom_processing>
			<nb_hits_with_time_dom_completion>1</nb_hits_with_time_dom_completion>
			<min_time_dom_completion>0.2090</min_time_dom_completion>
			<max_time_dom_completion>0.2090</max_time_dom_completion>
			<nb_hits_with_time_on_load>1</nb_hits_with_time_on_load>
			<min_time_on_load>0.3010</min_time_on_load>
			<max_time_on_load>0.3010</max_time_on_load>
			<sum_bandwidth>0</sum_bandwidth>
			<nb_hits_with_bandwidth>0</nb_hits_with_bandwidth>
			<min_bandwidth />
			<max_bandwidth />
			<avg_bandwidth>0</avg_bandwidth>
			<avg_time_latency>0.228</avg_time_latency>
			<avg_time_transfer>0.335</avg_time_transfer>
			<avg_time_dom_processing>1.015</avg_time_dom_processing>
			<avg_time_dom_completion>0.209</avg_time_dom_completion>
			<avg_time_on_load>0.301</avg_time_on_load>
			<avg_page_load_time>2.088</avg_page_load_time>
			<avg_time_on_page>0</avg_time_on_page>
			<bounce_rate>0%</bounce_rate>
			<exit_rate>0%</exit_rate>
			<avg_time_generation>0.223</avg_time_generation>
			<segment>pageTitle==Page%2BName%2Bnot%2Bdefined</segment>
		</row>
	</result>
	<result date="2010-01-05">
		<row>
			<label> Checkout / Purchasing...</label>
			<nb_visits>1</nb_visits>
			<nb_uniq_visitors>1</nb_uniq_visitors>
			<nb_hits>1</nb_hits>
			<sum_time_spent>0</sum_time_spent>
			<nb_hits_with_time_generation>1</nb_hits_with_time_generation>
			<min_time_generation>0.452</min_time_generation>
			<max_time_generation>0.452</max_time_generation>
			<nb_hits_with_time_latency>1</nb_hits_with_time_latency>
			<min_time_latency>0.3560</min_time_latency>
			<max_time_latency>0.3560</max_time_latency>
			<nb_hits_with_time_transfer>1</nb_hits_with_time_transfer>
			<min_time_transfer>0.4520</min_time_transfer>
			<max_time_transfer>0.4520</max_time_transfer>
			<nb_hits_with_time_dom_processing>1</nb_hits_with_time_dom_processing>
			<min_time_dom_processing>1.4990</min_time_dom_processing>
			<max_time_dom_processing>1.4990</max_time_dom_processing>
			<nb_hits_with_time_dom_completion>1</nb_hits_with_time_dom_completion>
			<min_time_dom_completion>0.3560</min_time_dom_completion>
			<max_time_dom_completion>0.3560</max_time_dom_completion>
			<nb_hits_with_time_on_load>1</nb_hits_with_time_on_load>
			<min_time_on_load>0.2690</min_time_on_load>
			<max_time_on_load>0.2690</max_time_on_load>
			<sum_bandwidth>0</sum_bandwidth>
			<nb_hits_with_bandwidth>0</nb_hits_with_bandwidth>
			<min_bandwidth />
			<max_bandwidth />
			<exit_nb_uniq_visitors>1</exit_nb_uniq_visitors>
			<exit_nb_visits>1</exit_nb_visits>
			<avg_bandwidth>0</avg_bandwidth>
			<avg_time_latency>0.356</avg_time_latency>
			<avg_time_transfer>0.452</avg_time_transfer>
			<avg_time_dom_processing>1.499</avg_time_dom_processing>
			<avg_time_dom_completion>0.356</avg_time_dom_completion>
			<avg_time_on_load>0.269</avg_time_on_load>
			<avg_page_load_time>2.932</avg_page_load_time>
			<avg_time_on_page>0</avg_time_on_page>
			<bounce_rate>0%</bounce_rate>
			<exit_rate>100%</exit_rate>
			<avg_time_generation>0.452</avg_time_generation>
			<segment>pageTitle==Checkout%2B%252F%2BPurchasing...</segment>
		</row>
		<row>
			<label> second visitor/two days later/a new visit</label>
			<nb_visits>1</nb_visits>
			<nb_uniq_visitors>1</nb_uniq_visitors>
			<nb_hits>1</nb_hits>
			<sum_time_spent>360</sum_time_spent>
			<nb_hits_with_time_generation>1</nb_hits_with_time_generation>
			<min_time_generation>0.323</min_time_generation>
			<max_time_generation>0.323</max_time_generation>
			<nb_hits_with_time_latency>1</nb_hits_with_time_latency>
			<min_time_latency>0.2680</min_time_latency>
			<max_time_latency>0.2680</max_time_latency>
			<nb_hits_with_time_transfer>1</nb_hits_with_time_transfer>
			<min_time_transfer>0.3560</min_time_transfer>
			<max_time_transfer>0.3560</max_time_transfer>
			<nb_hits_with_time_dom_processing>1</nb_hits_with_time_dom_processing>
			<min_time_dom_processing>1.0250</min_time_dom_processing>
			<max_time_dom_processing>1.0250</max_time_dom_processing>
			<nb_hits_with_time_dom_completion>1</nb_hits_with_time_dom_completion>
			<min_time_dom_completion>0.2960</min_time_dom_completion>
			<max_time_dom_completion>0.2960</max_time_dom_completion>
			<nb_hits_with_time_on_load>1</nb_hits_with_time_on_load>
			<min_time_on_load>0.3350</min_time_on_load>
			<max_time_on_load>0.3350</max_time_on_load>
			<sum_bandwidth>0</sum_bandwidth>
			<nb_hits_with_bandwidth>0</nb_hits_with_bandwidth>
			<min_bandwidth />
			<max_bandwidth />
			<entry_nb_uniq_visitors>1</entry_nb_uniq_visitors>
			<entry_nb_visits>1</entry_nb_visits>
			<entry_nb_actions>5</entry_nb_actions>
			<entry_sum_visit_length>901</entry_sum_visit_length>
			<entry_bounce_count>0</entry_bounce_count>
			<avg_bandwidth>0</avg_bandwidth>
			<avg_time_latency>0.268</avg_time_latency>
			<avg_time_transfer>0.356</avg_time_transfer>
			<avg_time_dom_processing>1.025</avg_time_dom_processing>
			<avg_time_dom_completion>0.296</avg_time_dom_completion>
			<avg_time_on_load>0.335</avg_time_on_load>
			<avg_page_load_time>2.28</avg_page_load_time>
			<avg_time_on_page>360</avg_time_on_page>
			<bounce_rate>0%</bounce_rate>
			<exit_rate>0%</exit_rate>
			<avg_time_generation>0.323</avg_time_generation>
			<segment>pageTitle==second%2Bvisitor%252Ftwo%2Bdays%2Blater%252Fa%2Bnew%2Bvisit</segment>
		</row>
		<row>
			<label> second visitor/two days later/second page view</label>
			<nb_visits>1</nb_visits>
			<nb_uniq_visitors>1</nb_uniq_visitors>
			<nb_hits>1</nb_hits>
			<sum_time_spent>540</sum_time_spent>
			<nb_hits_with_time_generation>1</nb_hits_with_time_generation>
			<min_time_generation>0.173</min_time_generation>
			<max_time_generation>0.173</max_time_generation>
			<nb_hits_with_time_latency>1</nb_hits_with_time_latency>
			<min_time_latency>0.1990</min_time_latency>
			<max_time_latency>0.1990</max_time_latency>
			<nb_hits_with_time_transfer>1</nb_hits_with_time_transfer>
			<min_time_transfer>0.2890</min_time_transfer>
			<max_time_transfer>0.2890</max_time_transfer>
			<nb_hits_with_time_dom_processing>1</nb_hits_with_time_dom_processing>
			<min_time_dom_processing>0.9980</min_time_dom_processing>
			<max_time_dom_processing>0.9980</max_time_dom_processing>
			<nb_hits_with_time_dom_completion>1</nb_hits_with_time_dom_completion>
			<min_time_dom_completion>0.1980</min_time_dom_completion>
			<max_time_dom_completion>0.1980</max_time_dom_completion>
			<nb_hits_with_time_on_load>1</nb_hits_with_time_on_load>
			<min_time_on_load>0.2990</min_time_on_load>
			<max_time_on_load>0.2990</max_time_on_load>
			<sum_bandwidth>0</sum_bandwidth>
			<nb_hits_with_bandwidth>0</nb_hits_with_bandwidth>
			<min_bandwidth />
			<max_bandwidth />
			<avg_bandwidth>0</avg_bandwidth>
			<avg_time_latency>0.199</avg_time_latency>
			<avg_time_transfer>0.289</avg_time_transfer>
			<avg_time_dom_processing>0.998</avg_time_dom_processing>
			<avg_time_dom_completion>0.198</avg_time_dom_completion>
			<avg_time_on_load>0.299</avg_time_on_load>
			<avg_page_load_time>1.983</avg_page_load_time>
			<avg_time_on_page>540</avg_time_on_page>
			<bounce_rate>0%</bounce_rate>
			<exit_rate>0%</exit_rate>
			<avg_time_generation>0.173</avg_time_generation>
			<segment>pageTitle==second%2Bvisitor%252Ftwo%2Bdays%2Blater%252Fsecond%2Bpage%2Bview</segment>
		</row>
	</result>
	<result date="2010-01-06">
		<row>
			<label> Checkout / Purchasing...</label>
			<nb_visits>1</nb_visits>
			<nb_uniq_visitors>1</nb_uniq_visitors>
			<nb_hits>1</nb_hits>
			<sum_time_spent>0</sum_time_spent>
			<nb_hits_with_time_generation>1</nb_hits_with_time_generation>
			<min_time_generation>0.452</min_time_generation>
			<max_time_generation>0.452</max_time_generation>
			<nb_hits_with_time_latency>1</nb_hits_with_time_latency>
			<min_time_latency>0.3560</min_time_latency>
			<max_time_latency>0.3560</max_time_latency>
			<nb_hits_with_time_transfer>1</nb_hits_with_time_transfer>
			<min_time_transfer>0.4520</min_time_transfer>
			<max_time_transfer>0.4520</max_time_transfer>
			<nb_hits_with_time_dom_processing>1</nb_hits_with_time_dom_processing>
			<min_time_dom_processing>1.4990</min_time_dom_processing>
			<max_time_dom_processing>1.4990</max_time_dom_processing>
			<nb_hits_with_time_dom_completion>1</nb_hits_with_time_dom_completion>
			<min_time_dom_completion>0.3560</min_time_dom_completion>
			<max_time_dom_completion>0.3560</max_time_dom_completion>
			<nb_hits_with_time_on_load>1</nb_hits_with_time_on_load>
			<min_time_on_load>0.2690</min_time_on_load>
			<max_time_on_load>0.2690</max_time_on_load>
			<sum_bandwidth>0</sum_bandwidth>
			<nb_hits_with_bandwidth>0</nb_hits_with_bandwidth>
			<min_bandwidth />
			<max_bandwidth />
			<exit_nb_uniq_visitors>1</exit_nb_uniq_visitors>
			<exit_nb_visits>1</exit_nb_visits>
			<avg_bandwidth>0</avg_bandwidth>
			<avg_time_latency>0.356</avg_time_latency>
			<avg_time_transfer>0.452</avg_time_transfer>
			<avg_time_dom_processing>1.499</avg_time_dom_processing>
			<avg_time_dom_completion>0.356</avg_time_dom_completion>
			<avg_time_on_load>0.269</avg_time_on_load>
			<avg_page_load_time>2.932</avg_page_load_time>
			<avg_time_on_page>0</avg_time_on_page>
			<bounce_rate>0%</bounce_rate>
			<exit_rate>100%</exit_rate>
			<avg_time_generation>0.452</avg_time_generation>
			<segment>pageTitle==Checkout%2B%252F%2BPurchasing...</segment>
		</row>
		<row>
			<label> second visitor/two days later/a new visit</label>
			<nb_visits>1</nb_visits>
			<nb_uniq_visitors>1</nb_uniq_visitors>
			<nb_hits>1</nb_hits>
			<sum_time_spent>360</sum_time_spent>
			<nb_hits_with_time_generation>1</nb_hits_with_time_generation>
			<min_time_generation>0.323</min_time_generation>
			<max_time_generation>0.323</max_time_generation>
			<nb_hits_with_time_latency>1</nb_hits_with_time_latency>
			<min_time_latency>0.2680</min_time_latency>
			<max_time_latency>0.2680</max_time_latency>
			<nb_hits_with_time_transfer>1</nb_hits_with_time_transfer>
			<min_time_transfer>0.3560</min_time_transfer>
			<max_time_transfer>0.3560</max_time_transfer>
			<nb_hits_with_time_dom_processing>1</nb_hits_with_time_dom_processing>
			<min_time_dom_processing>1.0250</min_time_dom_processing>
			<max_time_dom_processing>1.0250</max_time_dom_processing>
			<nb_hits_with_time_dom_completion>1</nb_hits_with_time_dom_completion>
			<min_time_dom_completion>0.2960</min_time_dom_completion>
			<max_time_dom_completion>0.2960</max_time_dom_completion>
			<nb_hits_with_time_on_load>1</nb_hits_with_time_on_load>
			<min_time_on_load>0.3350</min_time_on_load>
			<max_time_on_load>0.3350</max_time_on_load>
			<sum_bandwidth>0</sum_bandwidth>
			<nb_hits_with_bandwidth>0</nb_hits_with_bandwidth>
			<min_bandwidth />
			<max_bandwidth />
			<entry_nb_uniq_visitors>1</entry_nb_uniq_visitors>
			<entry_nb_visits>1</entry_nb_visits>
			<entry_nb_actions>5</entry_nb_actions>
			<entry_sum_visit_length>901</entry_sum_visit_length>
			<entry_bounce_count>0</entry_bounce_count>
			<avg_bandwidth>0</avg_bandwidth>
			<avg_time_latency>0.268</avg_time_latency>
			<avg_time_transfer>0.356</avg_time_transfer>
			<avg_time_dom_processing>1.025</avg_time_dom_processing>
			<avg_time_dom_completion>0.296</avg_time_dom_completion>
			<avg_time_on_load>0.335</avg_time_on_load>
			<avg_page_load_time>2.28</avg_page_load_time>
			<avg_time_on_page>360</avg_time_on_page>
			<bounce_rate>0%</bounce_rate>
			<exit_rate>0%</exit_rate>
			<avg_time_generation>0.323</avg_time_generation>
			<segment>pageTitle==second%2Bvisitor%252Ftwo%2Bdays%2Blater%252Fa%2Bnew%2Bvisit</segment>
		</row>
		<row>
			<label> second visitor/two days later/second page view</label>
			<nb_visits>1</nb_visits>
			<nb_uniq_visitors>1</nb_uniq_visitors>
			<nb_hits>1</nb_hits>
			<sum_time_spent>540</sum_time_spent>
			<nb_hits_with_time_generation>1</nb_hits_with_time_generation>
			<min_time_generation>0.173</min_time_generation>
			<max_time_generation>0.173</max_time_generation>
			<nb_hits_with_time_latency>1</nb_hits_with_time_latency>
			<min_time_latency>0.1990</min_time_latency>
			<max_time_latency>0.1990</max_time_latency>
			<nb_hits_with_time_transfer>1</nb_hits_with_time_transfer>
			<min_time_transfer>0.2890</min_time_transfer>
			<max_time_transfer>0.2890</max_time_transfer>
			<nb_hits_with_time_dom_processing>1</nb_hits_with_time_dom_processing>
			<min_time_dom_processing>0.9980</min_time_dom_processing>
			<max_time_dom_processing>0.9980</max_time_dom_processing>
			<nb_hits_with_time_dom_completion>1</nb_hits_with_time_dom_completion>
			<min_time_dom_completion>0.1980</min_time_dom_completion>
			<max_time_dom_completion>0.1980</max_time_dom_completion>
			<nb_hits_with_time_on_load>1</nb_hits_with_time_on_load>
			<min_time_on_load>0.2990</min_time_on_load>
			<max_time_on_load>0.2990</max_time_on_load>
			<sum_bandwidth>0</sum_bandwidth>
			<nb_hits_with_bandwidth>0</nb_hits_with_bandwidth>
			<min_bandwidth />
			<max_bandwidth />
			<avg_bandwidth>0</avg_bandwidth>
			<avg_time_latency>0.199</avg_time_latency>
			<avg_time_transfer>0.289</avg_time_transfer>
			<avg_time_dom_processing>0.998</avg_time_dom_processing>
			<avg_time_dom_completion>0.198</avg_time_dom_completion>
			<avg_time_on_load>0.299</avg_time_on_load>
			<avg_page_load_time>1.983</avg_page_load_time>
			<avg_time_on_page>540</avg_time_on_page>
			<bounce_rate>0%</bounce_rate>
			<exit_rate>0%</exit_rate>
			<avg_time_generation>0.173</avg_time_generation>
			<segment>pageTitle==second%2Bvisitor%252Ftwo%2Bdays%2Blater%252Fsecond%2Bpage%2Bview</segment>
		</row>
	</result>
	<result date="2010-01-07">
		<row>
			<label> Checkout / Purchasing...</label>
			<nb_visits>1</nb_visits>
			<nb_uniq_visitors>1</nb_uniq_visitors>
			<nb_hits>1</nb_hits>
			<sum_time_spent>0</sum_time_spent>
			<nb_hits_with_time_generation>1</nb_hits_with_time_generation>
			<min_time_generation>0.452</min_time_generation>
			<max_time_generation>0.452</max_time_generation>
			<nb_hits_with_time_latency>1</nb_hits_with_time_latency>
			<min_time_latency>0.3560</min_time_latency>
			<max_time_latency>0.3560</max_time_latency>
			<nb_hits_with_time_transfer>1</nb_hits_with_time_transfer>
			<min_time_transfer>0.4520</min_time_transfer>
			<max_time_transfer>0.4520</max_time_transfer>
			<nb_hits_with_time_dom_processing>1</nb_hits_with_time_dom_processing>
			<min_time_dom_processing>1.4990</min_time_dom_processing>
			<max_time_dom_processing>1.4990</max_time_dom_processing>
			<nb_hits_with_time_dom_completion>1</nb_hits_with_time_dom_completion>
			<min_time_dom_completion>0.3560</min_time_dom_completion>
			<max_time_dom_completion>0.3560</max_time_dom_completion>
			<nb_hits_with_time_on_load>1</nb_hits_with_time_on_load>
			<min_time_on_load>0.2690</min_time_on_load>
			<max_time_on_load>0.2690</max_time_on_load>
			<sum_bandwidth>0</sum_bandwidth>
			<nb_hits_with_bandwidth>0</nb_hits_with_bandwidth>
			<min_bandwidth />
			<max_bandwidth />
			<exit_nb_uniq_visitors>1</exit_nb_uniq_visitors>
			<exit_nb_visits>1</exit_nb_visits>
			<avg_bandwidth>0</avg_bandwidth>
			<avg_time_latency>0.356</avg_time_latency>
			<avg_time_transfer>0.452</avg_time_transfer>
			<avg_time_dom_processing>1.499</avg_time_dom_processing>
			<avg_time_dom_completion>0.356</avg_time_dom_completion>
			<avg_time_on_load>0.269</avg_time_on_load>
			<avg_page_load_time>2.932</avg_page_load_time>
			<avg_time_on_page>0</avg_time_on_page>
			<bounce_rate>0%</bounce_rate>
			<exit_rate>100%</exit_rate>
			<avg_time_generation>0.452</avg_time_generation>
			<segment>pageTitle==Checkout%2B%252F%2BPurchasing...</segment>
		</row>
		<row>
			<label> second visitor/two days later/a new visit</label>
			<nb_visits>1</nb_visits>
			<nb_uniq_visitors>1</nb_uniq_visitors>
			<nb_hits>1</nb_hits>
			<sum_time_spent>360</sum_time_spent>
			<nb_hits_with_time_generation>1</nb_hits_with_time_generation>
			<min_time_generation>0.323</min_time_generation>
			<max_time_generation>0.323</max_time_generation>
			<nb_hits_with_time_latency>1</nb_hits_with_time_latency>
			<min_time_latency>0.2680</min_time_latency>
			<max_time_latency>0.2680</max_time_latency>
			<nb_hits_with_time_transfer>1</nb_hits_with_time_transfer>
			<min_time_transfer>0.3560</min_time_transfer>
			<max_time_transfer>0.3560</max_time_transfer>
			<nb_hits_with_time_dom_processing>1</nb_hits_with_time_dom_processing>
			<min_time_dom_processing>1.0250</min_time_dom_processing>
			<max_time_dom_processing>1.0250</max_time_dom_processing>
			<nb_hits_with_time_dom_completion>1</nb_hits_with_time_dom_completion>
			<min_time_dom_completion>0.2960</min_time_dom_completion>
			<max_time_dom_completion>0.2960</max_time_dom_completion>
			<nb_hits_with_time_on_load>1</nb_hits_with_time_on_load>
			<min_time_on_load>0.3350</min_time_on_load>
			<max_time_on_load>0.3350</max_time_on_load>
			<sum_bandwidth>0</sum_bandwidth>
			<nb_hits_with_bandwidth>0</nb_hits_with_bandwidth>
			<min_bandwidth />
			<max_bandwidth />
			<entry_nb_uniq_visitors>1</entry_nb_uniq_visitors>
			<entry_nb_visits>1</entry_nb_visits>
			<entry_nb_actions>5</entry_nb_actions>
			<entry_sum_visit_length>901</entry_sum_visit_length>
			<entry_bounce_count>0</entry_bounce_count>
			<avg_bandwidth>0</avg_bandwidth>
			<avg_time_latency>0.268</avg_time_latency>
			<avg_time_transfer>0.356</avg_time_transfer>
			<avg_time_dom_processing>1.025</avg_time_dom_processing>
			<avg_time_dom_completion>0.296</avg_time_dom_completion>
			<avg_time_on_load>0.335</avg_time_on_load>
			<avg_page_load_time>2.28</avg_page_load_time>
			<avg_time_on_page>360</avg_time_on_page>
			<bounce_rate>0%</bounce_rate>
			<exit_rate>0%</exit_rate>
			<avg_time_generation>0.323</avg_time_generation>
			<segment>pageTitle==second%2Bvisitor%252Ftwo%2Bdays%2Blater%252Fa%2Bnew%2Bvisit</segment>
		</row>
		<row>
			<label> second visitor/two days later/second page view</label>
			<nb_visits>1</nb_visits>
			<nb_uniq_visitors>1</nb_uniq_visitors>
			<nb_hits>1</nb_hits>
			<sum_time_spent>540</sum_time_spent>
			<nb_hits_with_time_generation>1</nb_hits_with_time_generation>
			<min_time_generation>0.173</min_time_generation>
			<max_time_generation>0.173</max_time_generation>
			<nb_hits_with_time_latency>1</nb_hits_with_time_latency>
			<min_time_latency>0.1990</min_time_latency>
			<max_time_latency>0.1990</max_time_latency>
			<nb_hits_with_time_transfer>1</nb_hits_with_time_transfer>
			<min_time_transfer>0.2890</min_time_transfer>
			<max_time_transfer>0.2890</max_time_transfer>
			<nb_hits_with_time_dom_processing>1</nb_hits_with_time_dom_processing>
			<min_time_dom_processing>0.9980</min_time_dom_processing>
			<max_time_dom_processing>0.9980</max_time_dom_processing>
			<nb_hits_with_time_dom_completion>1</nb_hits_with_time_dom_completion>
			<min_time_dom_completion>0.1980</min_time_dom_completion>
			<max_time_dom_completion>0.1980</max_time_dom_completion>
			<nb_hits_with_time_on_load>1</nb_hits_with_time_on_load>
			<min_time_on_load>0.2990</min_time_on_load>
			<max_time_on_load>0.2990</max_time_on_load>
			<sum_bandwidth>0</sum_bandwidth>
			<nb_hits_with_bandwidth>0</nb_hits_with_bandwidth>
			<min_bandwidth />
			<max_bandwidth />
			<avg_bandwidth>0</avg_bandwidth>
			<avg_time_latency>0.199</avg_time_latency>
			<avg_time_transfer>0.289</avg_time_transfer>
			<avg_time_dom_processing>0.998</avg_time_dom_processing>
			<avg_time_dom_completion>0.198</avg_time_dom_completion>
			<avg_time_on_load>0.299</avg_time_on_load>
			<avg_page_load_time>1.983</avg_page_load_time>
			<avg_time_on_page>540</avg_time_on_page>
			<bounce_rate>0%</bounce_rate>
			<exit_rate>0%</exit_rate>
			<avg_time_generation>0.173</avg_time_generation>
			<segment>pageTitle==second%2Bvisitor%252Ftwo%2Bdays%2Blater%252Fsecond%2Bpage%2Bview</segment>
		</row>
	</result>
	<result date="2010-01-08">
		<row>
			<label> Checkout / Purchasing...</label>
			<nb_visits>1</nb_visits>
			<nb_uniq_visitors>1</nb_uniq_visitors>
			<nb_hits>1</nb_hits>
			<sum_time_spent>0</sum_time_spent>
			<nb_hits_with_time_generation>1</nb_hits_with_time_generation>
			<min_time_generation>0.452</min_time_generation>
			<max_time_generation>0.452</max_time_generation>
			<nb_hits_with_time_latency>1</nb_hits_with_time_latency>
			<min_time_latency>0.3560</min_time_latency>
			<max_time_latency>0.3560</max_time_latency>
			<nb_hits_with_time_transfer>1</nb_hits_with_time_transfer>
			<min_time_transfer>0.4520</min_time_transfer>
			<max_time_transfer>0.4520</max_time_transfer>
			<nb_hits_with_time_dom_processing>1</nb_hits_with_time_dom_processing>
			<min_time_dom_processing>1.4990</min_time_dom_processing>
			<max_time_dom_processing>1.4990</max_time_dom_processing>
			<nb_hits_with_time_dom_completion>1</nb_hits_with_time_dom_completion>
			<min_time_dom_completion>0.3560</min_time_dom_completion>
			<max_time_dom_completion>0.3560</max_time_dom_completion>
			<nb_hits_with_time_on_load>1</nb_hits_with_time_on_load>
			<min_time_on_load>0.2690</min_time_on_load>
			<max_time_on_load>0.2690</max_time_on_load>
			<sum_bandwidth>0</sum_bandwidth>
			<nb_hits_with_bandwidth>0</nb_hits_with_bandwidth>
			<min_bandwidth />
			<max_bandwidth />
			<exit_nb_uniq_visitors>1</exit_nb_uniq_visitors>
			<exit_nb_visits>1</exit_nb_visits>
			<avg_bandwidth>0</avg_bandwidth>
			<avg_time_latency>0.356</avg_time_latency>
			<avg_time_transfer>0.452</avg_time_transfer>
			<avg_time_dom_processing>1.499</avg_time_dom_processing>
			<avg_time_dom_completion>0.356</avg_time_dom_completion>
			<avg_time_on_load>0.269</avg_time_on_load>
			<avg_page_load_time>2.932</avg_page_load_time>
			<avg_time_on_page>0</avg_time_on_page>
			<bounce_rate>0%</bounce_rate>
			<exit_rate>100%</exit_rate>
			<avg_time_generation>0.452</avg_time_generation>
			<segment>pageTitle==Checkout%2B%252F%2BPurchasing...</segment>
		</row>
		<row>
			<label> second visitor/two days later/a new visit</label>
			<nb_visits>1</nb_visits>
			<nb_uniq_visitors>1</nb_uniq_visitors>
			<nb_hits>1</nb_hits>
			<sum_time_spent>360</sum_time_spent>
			<nb_hits_with_time_generation>1</nb_hits_with_time_generation>
			<min_time_generation>0.323</min_time_generation>
			<max_time_generation>0.323</max_time_generation>
			<nb_hits_with_time_latency>1</nb_hits_with_time_latency>
			<min_time_latency>0.2680</min_time_latency>
			<max_time_latency>0.2680</max_time_latency>
			<nb_hits_with_time_transfer>1</nb_hits_with_time_transfer>
			<min_time_transfer>0.3560</min_time_transfer>
			<max_time_transfer>0.3560</max_time_transfer>
			<nb_hits_with_time_dom_processing>1</nb_hits_with_time_dom_processing>
			<min_time_dom_processing>1.0250</min_time_dom_processing>
			<max_time_dom_processing>1.0250</max_time_dom_processing>
			<nb_hits_with_time_dom_completion>1</nb_hits_with_time_dom_completion>
			<min_time_dom_completion>0.2960</min_time_dom_completion>
			<max_time_dom_completion>0.2960</max_time_dom_completion>
			<nb_hits_with_time_on_load>1</nb_hits_with_time_on_load>
			<min_time_on_load>0.3350</min_time_on_load>
			<max_time_on_load>0.3350</max_time_on_load>
			<sum_bandwidth>0</sum_bandwidth>
			<nb_hits_with_bandwidth>0</nb_hits_with_bandwidth>
			<min_bandwidth />
			<max_bandwidth />
			<entry_nb_uniq_visitors>1</entry_nb_uniq_visitors>
			<entry_nb_visits>1</entry_nb_visits>
			<entry_nb_actions>5</entry_nb_actions>
			<entry_sum_visit_length>901</entry_sum_visit_length>
			<entry_bounce_count>0</entry_bounce_count>
			<avg_bandwidth>0</avg_bandwidth>
			<avg_time_latency>0.268</avg_time_latency>
			<avg_time_transfer>0.356</avg_time_transfer>
			<avg_time_dom_processing>1.025</avg_time_dom_processing>
			<avg_time_dom_completion>0.296</avg_time_dom_completion>
			<avg_time_on_load>0.335</avg_time_on_load>
			<avg_page_load_time>2.28</avg_page_load_time>
			<avg_time_on_page>360</avg_time_on_page>
			<bounce_rate>0%</bounce_rate>
			<exit_rate>0%</exit_rate>
			<avg_time_generation>0.323</avg_time_generation>
			<segment>pageTitle==second%2Bvisitor%252Ftwo%2Bdays%2Blater%252Fa%2Bnew%2Bvisit</segment>
		</row>
		<row>
			<label> second visitor/two days later/second page view</label>
			<nb_visits>1</nb_visits>
			<nb_uniq_visitors>1</nb_uniq_visitors>
			<nb_hits>1</nb_hits>
			<sum_time_spent>540</sum_time_spent>
			<nb_hits_with_time_generation>1</nb_hits_with_time_generation>
			<min_time_generation>0.173</min_time_generation>
			<max_time_generation>0.173</max_time_generation>
			<nb_hits_with_time_latency>1</nb_hits_with_time_latency>
			<min_time_latency>0.1990</min_time_latency>
			<max_time_latency>0.1990</max_time_latency>
			<nb_hits_with_time_transfer>1</nb_hits_with_time_transfer>
			<min_time_transfer>0.2890</min_time_transfer>
			<max_time_transfer>0.2890</max_time_transfer>
			<nb_hits_with_time_dom_processing>1</nb_hits_with_time_dom_processing>
			<min_time_dom_processing>0.9980</min_time_dom_processing>
			<max_time_dom_processing>0.9980</max_time_dom_processing>
			<nb_hits_with_time_dom_completion>1</nb_hits_with_time_dom_completion>
			<min_time_dom_completion>0.1980</min_time_dom_completion>
			<max_time_dom_completion>0.1980</max_time_dom_completion>
			<nb_hits_with_time_on_load>1</nb_hits_with_time_on_load>
			<min_time_on_load>0.2990</min_time_on_load>
			<max_time_on_load>0.2990</max_time_on_load>
			<sum_bandwidth>0</sum_bandwidth>
			<nb_hits_with_bandwidth>0</nb_hits_with_bandwidth>
			<min_bandwidth />
			<max_bandwidth />
			<avg_bandwidth>0</avg_bandwidth>
			<avg_time_latency>0.199</avg_time_latency>
			<avg_time_transfer>0.289</avg_time_transfer>
			<avg_time_dom_processing>0.998</avg_time_dom_processing>
			<avg_time_dom_completion>0.198</avg_time_dom_completion>
			<avg_time_on_load>0.299</avg_time_on_load>
			<avg_page_load_time>1.983</avg_page_load_time>
			<avg_time_on_page>540</avg_time_on_page>
			<bounce_rate>0%</bounce_rate>
			<exit_rate>0%</exit_rate>
			<avg_time_generation>0.173</avg_time_generation>
			<segment>pageTitle==second%2Bvisitor%252Ftwo%2Bdays%2Blater%252Fsecond%2Bpage%2Bview</segment>
		</row>
	</result>
	<result date="2010-01-09">
		<row>
			<label> Checkout / Purchasing...</label>
			<nb_visits>1</nb_visits>
			<nb_uniq_visitors>1</nb_uniq_visitors>
			<nb_hits>1</nb_hits>
			<sum_time_spent>0</sum_time_spent>
			<nb_hits_with_time_generation>1</nb_hits_with_time_generation>
			<min_time_generation>0.452</min_time_generation>
			<max_time_generation>0.452</max_time_generation>
			<nb_hits_with_time_latency>1</nb_hits_with_time_latency>
			<min_time_latency>0.3560</min_time_latency>
			<max_time_latency>0.3560</max_time_latency>
			<nb_hits_with_time_transfer>1</nb_hits_with_time_transfer>
			<min_time_transfer>0.4520</min_time_transfer>
			<max_time_transfer>0.4520</max_time_transfer>
			<nb_hits_with_time_dom_processing>1</nb_hits_with_time_dom_processing>
			<min_time_dom_processing>1.4990</min_time_dom_processing>
			<max_time_dom_processing>1.4990</max_time_dom_processing>
			<nb_hits_with_time_dom_completion>1</nb_hits_with_time_dom_completion>
			<min_time_dom_completion>0.3560</min_time_dom_completion>
			<max_time_dom_completion>0.3560</max_time_dom_completion>
			<nb_hits_with_time_on_load>1</nb_hits_with_time_on_load>
			<min_time_on_load>0.2690</min_time_on_load>
			<max_time_on_load>0.2690</max_time_on_load>
			<sum_bandwidth>0</sum_bandwidth>
			<nb_hits_with_bandwidth>0</nb_hits_with_bandwidth>
			<min_bandwidth />
			<max_bandwidth />
			<exit_nb_uniq_visitors>1</exit_nb_uniq_visitors>
			<exit_nb_visits>1</exit_nb_visits>
			<avg_bandwidth>0</avg_bandwidth>
			<avg_time_latency>0.356</avg_time_latency>
			<avg_time_transfer>0.452</avg_time_transfer>
			<avg_time_dom_processing>1.499</avg_time_dom_processing>
			<avg_time_dom_completion>0.356</avg_time_dom_completion>
			<avg_time_on_load>0.269</avg_time_on_load>
			<avg_page_load_time>2.932</avg_page_load_time>
			<avg_time_on_page>0</avg_time_on_page>
			<bounce_rate>0%</bounce_rate>
			<exit_rate>100%</exit_rate>
			<avg_time_generation>0.452</avg_time_generation>
			<segment>pageTitle==Checkout%2B%252F%2BPurchasing...</segment>
		</row>
		<row>
			<label> second visitor/two days later/a new visit</label>
			<nb_visits>1</nb_visits>
			<nb_uniq_visitors>1</nb_uniq_visitors>
			<nb_hits>1</nb_hits>
			<sum_time_spent>360</sum_time_spent>
			<nb_hits_with_time_generation>1</nb_hits_with_time_generation>
			<min_time_generation>0.323</min_time_generation>
			<max_time_generation>0.323</max_time_generation>
			<nb_hits_with_time_latency>1</nb_hits_with_time_latency>
			<min_time_latency>0.2680</min_time_latency>
			<max_time_latency>0.2680</max_time_latency>
			<nb_hits_with_time_transfer>1</nb_hits_with_time_transfer>
			<min_time_transfer>0.3560</min_time_transfer>
			<max_time_transfer>0.3560</max_time_transfer>
			<nb_hits_with_time_dom_processing>1</nb_hits_with_time_dom_processing>
			<min_time_dom_processing>1.0250</min_time_dom_processing>
			<max_time_dom_processing>1.0250</max_time_dom_processing>
			<nb_hits_with_time_dom_completion>1</nb_hits_with_time_dom_completion>
			<min_time_dom_completion>0.2960</min_time_dom_completion>
			<max_time_dom_completion>0.2960</max_time_dom_completion>
			<nb_hits_with_time_on_load>1</nb_hits_with_time_on_load>
			<min_time_on_load>0.3350</min_time_on_load>
			<max_time_on_load>0.3350</max_time_on_load>
			<sum_bandwidth>0</sum_bandwidth>
			<nb_hits_with_bandwidth>0</nb_hits_with_bandwidth>
			<min_bandwidth />
			<max_bandwidth />
			<entry_nb_uniq_visitors>1</entry_nb_uniq_visitors>
			<entry_nb_visits>1</entry_nb_visits>
			<entry_nb_actions>5</entry_nb_actions>
			<entry_sum_visit_length>901</entry_sum_visit_length>
			<entry_bounce_count>0</entry_bounce_count>
			<avg_bandwidth>0</avg_bandwidth>
			<avg_time_latency>0.268</avg_time_latency>
			<avg_time_transfer>0.356</avg_time_transfer>
			<avg_time_dom_processing>1.025</avg_time_dom_processing>
			<avg_time_dom_completion>0.296</avg_time_dom_completion>
			<avg_time_on_load>0.335</avg_time_on_load>
			<avg_page_load_time>2.28</avg_page_load_time>
			<avg_time_on_page>360</avg_time_on_page>
			<bounce_rate>0%</bounce_rate>
			<exit_rate>0%</exit_rate>
			<avg_time_generation>0.323</avg_time_generation>
			<segment>pageTitle==second%2Bvisitor%252Ftwo%2Bdays%2Blater%252Fa%2Bnew%2Bvisit</segment>
		</row>
		<row>
			<label> second visitor/two days later/second page view</label>
			<nb_visits>1</nb_visits>
			<nb_uniq_visitors>1</nb_uniq_visitors>
			<nb_hits>1</nb_hits>
			<sum_time_spent>540</sum_time_spent>
			<nb_hits_with_time_generation>1</nb_hits_with_time_generation>
			<min_time_generation>0.173</min_time_generation>
			<max_time_generation>0.173</max_time_generation>
			<nb_hits_with_time_latency>1</nb_hits_with_time_latency>
			<min_time_latency>0.1990</min_time_latency>
			<max_time_latency>0.1990</max_time_latency>
			<nb_hits_with_time_transfer>1</nb_hits_with_time_transfer>
			<min_time_transfer>0.2890</min_time_transfer>
			<max_time_transfer>0.2890</max_time_transfer>
			<nb_hits_with_time_dom_processing>1</nb_hits_with_time_dom_processing>
			<min_time_dom_processing>0.9980</min_time_dom_processing>
			<max_time_dom_processing>0.9980</max_time_dom_processing>
			<nb_hits_with_time_dom_completion>1</nb_hits_with_time_dom_completion>
			<min_time_dom_completion>0.1980</min_time_dom_completion>
			<max_time_dom_completion>0.1980</max_time_dom_completion>
			<nb_hits_with_time_on_load>1</nb_hits_with_time_on_load>
			<min_time_on_load>0.2990</min_time_on_load>
			<max_time_on_load>0.2990</max_time_on_load>
			<sum_bandwidth>0</sum_bandwidth>
			<nb_hits_with_bandwidth>0</nb_hits_with_bandwidth>
			<min_bandwidth />
			<max_bandwidth />
			<avg_bandwidth>0</avg_bandwidth>
			<avg_time_latency>0.199</avg_time_latency>
			<avg_time_transfer>0.289</avg_time_transfer>
			<avg_time_dom_processing>0.998</avg_time_dom_processing>
			<avg_time_dom_completion>0.198</avg_time_dom_completion>
			<avg_time_on_load>0.299</avg_time_on_load>
			<avg_page_load_time>1.983</avg_page_load_time>
			<avg_time_on_page>540</avg_time_on_page>
			<bounce_rate>0%</bounce_rate>
			<exit_rate>0%</exit_rate>
			<avg_time_generation>0.173</avg_time_generation>
			<segment>pageTitle==second%2Bvisitor%252Ftwo%2Bdays%2Blater%252Fsecond%2Bpage%2Bview</segment>
		</row>
	</result>
</results>