<?xml version="1.0" encoding="utf-8" ?>
<result>
	<row>
		<label>/index</label>
		<nb_visits>4</nb_visits>
		<nb_hits>4</nb_hits>
		<sum_time_spent>34</sum_time_spent>
		<nb_hits_with_time_generation>3</nb_hits_with_time_generation>
		<min_time_generation>0.058</min_time_generation>
		<max_time_generation>0.292</max_time_generation>
		<sum_bandwidth>172</sum_bandwidth>
		<nb_hits_with_bandwidth>4</nb_hits_with_bandwidth>
		<min_bandwidth>86</min_bandwidth>
		<max_bandwidth>86</max_bandwidth>
		<entry_nb_visits>4</entry_nb_visits>
		<entry_nb_actions>7</entry_nb_actions>
		<entry_sum_visit_length>43</entry_sum_visit_length>
		<entry_bounce_count>2</entry_bounce_count>
		<exit_nb_visits>2</exit_nb_visits>
		<sum_daily_nb_uniq_visitors>4</sum_daily_nb_uniq_visitors>
		<sum_daily_entry_nb_uniq_visitors>4</sum_daily_entry_nb_uniq_visitors>
		<sum_daily_exit_nb_uniq_visitors>2</sum_daily_exit_nb_uniq_visitors>
		<avg_bandwidth>43</avg_bandwidth>
		<avg_page_load_time>0</avg_page_load_time>
		<avg_time_on_page>9</avg_time_on_page>
		<bounce_rate>50%</bounce_rate>
		<exit_rate>50%</exit_rate>
		<avg_time_generation>0.177</avg_time_generation>
		<url>http://piwik.org/</url>
		<segment>pageUrl==http%253A%252F%252Fpiwik.org%252F</segment>
	</row>
	<row>
		<label>/index.htm</label>
		<nb_visits>2</nb_visits>
		<nb_hits>4</nb_hits>
		<sum_time_spent>0</sum_time_spent>
		<nb_hits_with_time_generation>0</nb_hits_with_time_generation>
		<min_time_generation />
		<max_time_generation />
		<sum_bandwidth>172</sum_bandwidth>
		<nb_hits_with_bandwidth>4</nb_hits_with_bandwidth>
		<min_bandwidth>43</min_bandwidth>
		<max_bandwidth>43</max_bandwidth>
		<entry_nb_visits>2</entry_nb_visits>
		<entry_nb_actions>4</entry_nb_actions>
		<entry_sum_visit_length>1</entry_sum_visit_length>
		<entry_bounce_count>1</entry_bounce_count>
		<exit_nb_visits>2</exit_nb_visits>
		<sum_daily_nb_uniq_visitors>1</sum_daily_nb_uniq_visitors>
		<sum_daily_entry_nb_uniq_visitors>1</sum_daily_entry_nb_uniq_visitors>
		<sum_daily_exit_nb_uniq_visitors>1</sum_daily_exit_nb_uniq_visitors>
		<avg_bandwidth>43</avg_bandwidth>
		<avg_page_load_time>0</avg_page_load_time>
		<avg_time_on_page>0</avg_time_on_page>
		<bounce_rate>50%</bounce_rate>
		<exit_rate>100%</exit_rate>
		<avg_time_generation>0</avg_time_generation>
		<url>http://example.org/index.htm</url>
		<segment>pageUrl==http%253A%252F%252Fexample.org%252Findex.htm</segment>
	</row>
	<row>
		<label>blog</label>
		<nb_visits>2</nb_visits>
		<nb_hits>2</nb_hits>
		<sum_time_spent>0</sum_time_spent>
		<nb_hits_with_time_generation>2</nb_hits_with_time_generation>
		<min_time_generation>0.119</min_time_generation>
		<max_time_generation>0.391</max_time_generation>
		<sum_bandwidth>86</sum_bandwidth>
		<nb_hits_with_bandwidth>2</nb_hits_with_bandwidth>
		<min_bandwidth>86</min_bandwidth>
		<max_bandwidth>86</max_bandwidth>
		<entry_nb_visits>2</entry_nb_visits>
		<entry_nb_actions>2</entry_nb_actions>
		<entry_sum_visit_length>0</entry_sum_visit_length>
		<entry_bounce_count>2</entry_bounce_count>
		<exit_nb_visits>2</exit_nb_visits>
		<avg_bandwidth>43</avg_bandwidth>
		<avg_page_load_time>0</avg_page_load_time>
		<avg_time_on_page>0</avg_time_on_page>
		<bounce_rate>100%</bounce_rate>
		<exit_rate>100%</exit_rate>
		<avg_time_generation>0.255</avg_time_generation>
		<segment>pageUrl=^http%253A%252F%252Fexample-site-three.com%252Fblog</segment>
		<subtable>
			<row>
				<label>2012</label>
				<nb_visits>1</nb_visits>
				<nb_hits>1</nb_hits>
				<sum_time_spent>0</sum_time_spent>
				<nb_hits_with_time_generation>1</nb_hits_with_time_generation>
				<min_time_generation>0.391</min_time_generation>
				<max_time_generation>0.391</max_time_generation>
				<sum_bandwidth>43</sum_bandwidth>
				<nb_hits_with_bandwidth>1</nb_hits_with_bandwidth>
				<min_bandwidth>43</min_bandwidth>
				<max_bandwidth>43</max_bandwidth>
				<entry_nb_visits>1</entry_nb_visits>
				<entry_nb_actions>1</entry_nb_actions>
				<entry_sum_visit_length>0</entry_sum_visit_length>
				<entry_bounce_count>1</entry_bounce_count>
				<exit_nb_visits>1</exit_nb_visits>
				<avg_time_on_page>0</avg_time_on_page>
				<bounce_rate>100%</bounce_rate>
				<exit_rate>100%</exit_rate>
				<avg_time_generation>0.391</avg_time_generation>
				<segment>pageUrl=^http%253A%252F%252Fexample-site-three.com%252Fblog%252F2012</segment>
				<subtable>
					<row>
						<label>10</label>
						<nb_visits>1</nb_visits>
						<nb_hits>1</nb_hits>
						<sum_time_spent>0</sum_time_spent>
						<nb_hits_with_time_generation>1</nb_hits_with_time_generation>
						<min_time_generation>0.391</min_time_generation>
						<max_time_generation>0.391</max_time_generation>
						<sum_bandwidth>43</sum_bandwidth>
						<nb_hits_with_bandwidth>1</nb_hits_with_bandwidth>
						<min_bandwidth>43</min_bandwidth>
						<max_bandwidth>43</max_bandwidth>
						<entry_nb_visits>1</entry_nb_visits>
						<entry_nb_actions>1</entry_nb_actions>
						<entry_sum_visit_length>0</entry_sum_visit_length>
						<entry_bounce_count>1</entry_bounce_count>
						<exit_nb_visits>1</exit_nb_visits>
						<avg_time_on_page>0</avg_time_on_page>
						<bounce_rate>100%</bounce_rate>
						<exit_rate>100%</exit_rate>
						<avg_time_generation>0.391</avg_time_generation>
						<segment>pageUrl=^http%253A%252F%252Fexample-site-three.com%252Fblog%252F2012%252F10</segment>
						<subtable>
							<row>
								<label>integrate-piwik-into-your-rails-application</label>
								<nb_visits>1</nb_visits>
								<nb_hits>1</nb_hits>
								<sum_time_spent>0</sum_time_spent>
								<nb_hits_with_time_generation>1</nb_hits_with_time_generation>
								<min_time_generation>0.391</min_time_generation>
								<max_time_generation>0.391</max_time_generation>
								<sum_bandwidth>43</sum_bandwidth>
								<nb_hits_with_bandwidth>1</nb_hits_with_bandwidth>
								<min_bandwidth>43</min_bandwidth>
								<max_bandwidth>43</max_bandwidth>
								<entry_nb_visits>1</entry_nb_visits>
								<entry_nb_actions>1</entry_nb_actions>
								<entry_sum_visit_length>0</entry_sum_visit_length>
								<entry_bounce_count>1</entry_bounce_count>
								<exit_nb_visits>1</exit_nb_visits>
								<avg_time_on_page>0</avg_time_on_page>
								<bounce_rate>100%</bounce_rate>
								<exit_rate>100%</exit_rate>
								<avg_time_generation>0.391</avg_time_generation>
								<segment>pageUrl=^http%253A%252F%252Fexample-site-three.com%252Fblog%252F2012%252F10%252Fintegrate-piwik-into-your-rails-application</segment>
								<subtable>
									<row>
										<label>/index</label>
										<nb_visits>1</nb_visits>
										<nb_hits>1</nb_hits>
										<sum_time_spent>0</sum_time_spent>
										<nb_hits_with_time_generation>1</nb_hits_with_time_generation>
										<min_time_generation>0.391</min_time_generation>
										<max_time_generation>0.391</max_time_generation>
										<sum_bandwidth>43</sum_bandwidth>
										<nb_hits_with_bandwidth>1</nb_hits_with_bandwidth>
										<min_bandwidth>43</min_bandwidth>
										<max_bandwidth>43</max_bandwidth>
										<entry_nb_visits>1</entry_nb_visits>
										<entry_nb_actions>1</entry_nb_actions>
										<entry_sum_visit_length>0</entry_sum_visit_length>
										<entry_bounce_count>1</entry_bounce_count>
										<exit_nb_visits>1</exit_nb_visits>
										<sum_daily_nb_uniq_visitors>1</sum_daily_nb_uniq_visitors>
										<sum_daily_entry_nb_uniq_visitors>1</sum_daily_entry_nb_uniq_visitors>
										<sum_daily_exit_nb_uniq_visitors>1</sum_daily_exit_nb_uniq_visitors>
										<avg_time_on_page>0</avg_time_on_page>
										<bounce_rate>100%</bounce_rate>
										<exit_rate>100%</exit_rate>
										<avg_time_generation>0.391</avg_time_generation>
										<url>http://piwik.org/blog/2012/10/integrate-piwik-into-your-rails-application/</url>
										<segment>pageUrl==http%253A%252F%252Fpiwik.org%252Fblog%252F2012%252F10%252Fintegrate-piwik-into-your-rails-application%252F</segment>
									</row>
								</subtable>
							</row>
						</subtable>
					</row>
				</subtable>
			</row>
			<row>
				<label>2014</label>
				<nb_visits>1</nb_visits>
				<nb_hits>1</nb_hits>
				<sum_time_spent>0</sum_time_spent>
				<nb_hits_with_time_generation>1</nb_hits_with_time_generation>
				<min_time_generation>0.119</min_time_generation>
				<max_time_generation>0.119</max_time_generation>
				<sum_bandwidth>43</sum_bandwidth>
				<nb_hits_with_bandwidth>1</nb_hits_with_bandwidth>
				<min_bandwidth>43</min_bandwidth>
				<max_bandwidth>43</max_bandwidth>
				<entry_nb_visits>1</entry_nb_visits>
				<entry_nb_actions>1</entry_nb_actions>
				<entry_sum_visit_length>0</entry_sum_visit_length>
				<entry_bounce_count>1</entry_bounce_count>
				<exit_nb_visits>1</exit_nb_visits>
				<avg_time_on_page>0</avg_time_on_page>
				<bounce_rate>100%</bounce_rate>
				<exit_rate>100%</exit_rate>
				<avg_time_generation>0.119</avg_time_generation>
				<segment>pageUrl=^http%253A%252F%252Fexample-site-three.com%252Fblog%252F2014</segment>
				<subtable>
					<row>
						<label>03</label>
						<nb_visits>1</nb_visits>
						<nb_hits>1</nb_hits>
						<sum_time_spent>0</sum_time_spent>
						<nb_hits_with_time_generation>1</nb_hits_with_time_generation>
						<min_time_generation>0.119</min_time_generation>
						<max_time_generation>0.119</max_time_generation>
						<sum_bandwidth>43</sum_bandwidth>
						<nb_hits_with_bandwidth>1</nb_hits_with_bandwidth>
						<min_bandwidth>43</min_bandwidth>
						<max_bandwidth>43</max_bandwidth>
						<entry_nb_visits>1</entry_nb_visits>
						<entry_nb_actions>1</entry_nb_actions>
						<entry_sum_visit_length>0</entry_sum_visit_length>
						<entry_bounce_count>1</entry_bounce_count>
						<exit_nb_visits>1</exit_nb_visits>
						<avg_time_on_page>0</avg_time_on_page>
						<bounce_rate>100%</bounce_rate>
						<exit_rate>100%</exit_rate>
						<avg_time_generation>0.119</avg_time_generation>
						<segment>pageUrl=^http%253A%252F%252Fexample-site-three.com%252Fblog%252F2014%252F03</segment>
						<subtable>
							<row>
								<label>piwik-2-1-massive-performance-reliability-improvements</label>
								<nb_visits>1</nb_visits>
								<nb_hits>1</nb_hits>
								<sum_time_spent>0</sum_time_spent>
								<nb_hits_with_time_generation>1</nb_hits_with_time_generation>
								<min_time_generation>0.119</min_time_generation>
								<max_time_generation>0.119</max_time_generation>
								<sum_bandwidth>43</sum_bandwidth>
								<nb_hits_with_bandwidth>1</nb_hits_with_bandwidth>
								<min_bandwidth>43</min_bandwidth>
								<max_bandwidth>43</max_bandwidth>
								<entry_nb_visits>1</entry_nb_visits>
								<entry_nb_actions>1</entry_nb_actions>
								<entry_sum_visit_length>0</entry_sum_visit_length>
								<entry_bounce_count>1</entry_bounce_count>
								<exit_nb_visits>1</exit_nb_visits>
								<avg_time_on_page>0</avg_time_on_page>
								<bounce_rate>100%</bounce_rate>
								<exit_rate>100%</exit_rate>
								<avg_time_generation>0.119</avg_time_generation>
								<segment>pageUrl=^http%253A%252F%252Fexample-site-three.com%252Fblog%252F2014%252F03%252Fpiwik-2-1-massive-performance-reliability-improvements</segment>
								<subtable>
									<row>
										<label>/index</label>
										<nb_visits>1</nb_visits>
										<nb_hits>1</nb_hits>
										<sum_time_spent>0</sum_time_spent>
										<nb_hits_with_time_generation>1</nb_hits_with_time_generation>
										<min_time_generation>0.119</min_time_generation>
										<max_time_generation>0.119</max_time_generation>
										<sum_bandwidth>43</sum_bandwidth>
										<nb_hits_with_bandwidth>1</nb_hits_with_bandwidth>
										<min_bandwidth>43</min_bandwidth>
										<max_bandwidth>43</max_bandwidth>
										<entry_nb_visits>1</entry_nb_visits>
										<entry_nb_actions>1</entry_nb_actions>
										<entry_sum_visit_length>0</entry_sum_visit_length>
										<entry_bounce_count>1</entry_bounce_count>
										<exit_nb_visits>1</exit_nb_visits>
										<sum_daily_nb_uniq_visitors>1</sum_daily_nb_uniq_visitors>
										<sum_daily_entry_nb_uniq_visitors>1</sum_daily_entry_nb_uniq_visitors>
										<sum_daily_exit_nb_uniq_visitors>1</sum_daily_exit_nb_uniq_visitors>
										<avg_time_on_page>0</avg_time_on_page>
										<bounce_rate>100%</bounce_rate>
										<exit_rate>100%</exit_rate>
										<avg_time_generation>0.119</avg_time_generation>
										<url>http://piwik.org/blog/2014/03/piwik-2-1-massive-performance-reliability-improvements/</url>
										<segment>pageUrl==http%253A%252F%252Fpiwik.org%252Fblog%252F2014%252F03%252Fpiwik-2-1-massive-performance-reliability-improvements%252F</segment>
									</row>
								</subtable>
							</row>
						</subtable>
					</row>
				</subtable>
			</row>
		</subtable>
	</row>
	<row>
		<label>log-analytics</label>
		<nb_visits>2</nb_visits>
		<nb_hits>2</nb_hits>
		<sum_time_spent>0</sum_time_spent>
		<nb_hits_with_time_generation>1</nb_hits_with_time_generation>
		<min_time_generation>0.145</min_time_generation>
		<max_time_generation>0.145</max_time_generation>
		<sum_bandwidth>86</sum_bandwidth>
		<nb_hits_with_bandwidth>2</nb_hits_with_bandwidth>
		<min_bandwidth>43</min_bandwidth>
		<max_bandwidth>43</max_bandwidth>
		<entry_nb_visits>2</entry_nb_visits>
		<entry_nb_actions>2</entry_nb_actions>
		<entry_sum_visit_length>0</entry_sum_visit_length>
		<entry_bounce_count>2</entry_bounce_count>
		<exit_nb_visits>2</exit_nb_visits>
		<avg_bandwidth>43</avg_bandwidth>
		<avg_page_load_time>0</avg_page_load_time>
		<avg_time_on_page>0</avg_time_on_page>
		<bounce_rate>100%</bounce_rate>
		<exit_rate>100%</exit_rate>
		<avg_time_generation>0.145</avg_time_generation>
		<segment>pageUrl=^http%253A%252F%252Fexample-site-three.com%252Flog-analytics</segment>
		<subtable>
			<row>
				<label>/index</label>
				<nb_visits>2</nb_visits>
				<nb_hits>2</nb_hits>
				<sum_time_spent>0</sum_time_spent>
				<nb_hits_with_time_generation>1</nb_hits_with_time_generation>
				<min_time_generation>0.145</min_time_generation>
				<max_time_generation>0.145</max_time_generation>
				<sum_bandwidth>86</sum_bandwidth>
				<nb_hits_with_bandwidth>2</nb_hits_with_bandwidth>
				<min_bandwidth>43</min_bandwidth>
				<max_bandwidth>43</max_bandwidth>
				<entry_nb_visits>2</entry_nb_visits>
				<entry_nb_actions>2</entry_nb_actions>
				<entry_sum_visit_length>0</entry_sum_visit_length>
				<entry_bounce_count>2</entry_bounce_count>
				<exit_nb_visits>2</exit_nb_visits>
				<sum_daily_nb_uniq_visitors>2</sum_daily_nb_uniq_visitors>
				<sum_daily_entry_nb_uniq_visitors>2</sum_daily_entry_nb_uniq_visitors>
				<sum_daily_exit_nb_uniq_visitors>2</sum_daily_exit_nb_uniq_visitors>
				<avg_time_on_page>0</avg_time_on_page>
				<bounce_rate>100%</bounce_rate>
				<exit_rate>100%</exit_rate>
				<avg_time_generation>0.145</avg_time_generation>
				<url>http://piwik.org/log-analytics/</url>
				<segment>pageUrl==http%253A%252F%252Fpiwik.org%252Flog-analytics%252F</segment>
			</row>
		</subtable>
	</row>
	<row>
		<label>/index.php?module=CoreHome&amp;action=index&amp;date=yesterday&amp;period=day&amp;idSite=7</label>
		<nb_visits>1</nb_visits>
		<nb_hits>1</nb_hits>
		<sum_time_spent>0</sum_time_spent>
		<nb_hits_with_time_generation>1</nb_hits_with_time_generation>
		<min_time_generation>0.413</min_time_generation>
		<max_time_generation>0.413</max_time_generation>
		<sum_bandwidth>43</sum_bandwidth>
		<nb_hits_with_bandwidth>1</nb_hits_with_bandwidth>
		<min_bandwidth>43</min_bandwidth>
		<max_bandwidth>43</max_bandwidth>
		<entry_nb_visits>1</entry_nb_visits>
		<entry_nb_actions>1</entry_nb_actions>
		<entry_sum_visit_length>0</entry_sum_visit_length>
		<entry_bounce_count>1</entry_bounce_count>
		<exit_nb_visits>1</exit_nb_visits>
		<sum_daily_nb_uniq_visitors>1</sum_daily_nb_uniq_visitors>
		<sum_daily_entry_nb_uniq_visitors>1</sum_daily_entry_nb_uniq_visitors>
		<sum_daily_exit_nb_uniq_visitors>1</sum_daily_exit_nb_uniq_visitors>
		<avg_bandwidth>43</avg_bandwidth>
		<avg_page_load_time>0</avg_page_load_time>
		<avg_time_on_page>0</avg_time_on_page>
		<bounce_rate>100%</bounce_rate>
		<exit_rate>100%</exit_rate>
		<avg_time_generation>0.413</avg_time_generation>
		<url>http://demo.piwik.org/index.php?module=CoreHome&amp;action=index&amp;date=yesterday&amp;period=day&amp;idSite=7</url>
		<segment>pageUrl==http%253A%252F%252Fdemo.piwik.org%252Findex.php%253Fmodule%253DCoreHome%2526action%253Dindex%2526date%253Dyesterday%2526period%253Dday%2526idSite%253D7</segment>
	</row>
	<row>
		<label>/register.php?0,approve=9a94a02145599</label>
		<nb_visits>1</nb_visits>
		<nb_hits>1</nb_hits>
		<sum_time_spent>0</sum_time_spent>
		<nb_hits_with_time_generation>0</nb_hits_with_time_generation>
		<min_time_generation />
		<max_time_generation />
		<sum_bandwidth>43</sum_bandwidth>
		<nb_hits_with_bandwidth>1</nb_hits_with_bandwidth>
		<min_bandwidth>43</min_bandwidth>
		<max_bandwidth>43</max_bandwidth>
		<entry_nb_visits>1</entry_nb_visits>
		<entry_nb_actions>1</entry_nb_actions>
		<entry_sum_visit_length>0</entry_sum_visit_length>
		<entry_bounce_count>1</entry_bounce_count>
		<exit_nb_visits>1</exit_nb_visits>
		<sum_daily_nb_uniq_visitors>1</sum_daily_nb_uniq_visitors>
		<sum_daily_entry_nb_uniq_visitors>1</sum_daily_entry_nb_uniq_visitors>
		<sum_daily_exit_nb_uniq_visitors>1</sum_daily_exit_nb_uniq_visitors>
		<avg_bandwidth>43</avg_bandwidth>
		<avg_page_load_time>0</avg_page_load_time>
		<avg_time_on_page>0</avg_time_on_page>
		<bounce_rate>100%</bounce_rate>
		<exit_rate>100%</exit_rate>
		<avg_time_generation>0</avg_time_generation>
		<url>http://forum.piwik.org/register.php?0,approve=9a94a02145599</url>
		<segment>pageUrl==http%253A%252F%252Fforum.piwik.org%252Fregister.php%253F0%252Capprove%253D9a94a02145599</segment>
	</row>
	<row>
		<label>changelog</label>
		<nb_visits>1</nb_visits>
		<nb_hits>1</nb_hits>
		<sum_time_spent>79</sum_time_spent>
		<nb_hits_with_time_generation>0</nb_hits_with_time_generation>
		<min_time_generation />
		<max_time_generation>0</max_time_generation>
		<sum_bandwidth>43</sum_bandwidth>
		<nb_hits_with_bandwidth>1</nb_hits_with_bandwidth>
		<min_bandwidth>43</min_bandwidth>
		<max_bandwidth>43</max_bandwidth>
		<entry_nb_visits>1</entry_nb_visits>
		<entry_nb_actions>2</entry_nb_actions>
		<entry_sum_visit_length>80</entry_sum_visit_length>
		<entry_bounce_count>0</entry_bounce_count>
		<avg_bandwidth>43</avg_bandwidth>
		<avg_page_load_time>0</avg_page_load_time>
		<avg_time_on_page>79</avg_time_on_page>
		<bounce_rate>0%</bounce_rate>
		<exit_rate>0%</exit_rate>
		<avg_time_generation>0</avg_time_generation>
		<segment>pageUrl=^http%253A%252F%252Fexample-site-three.com%252Fchangelog</segment>
		<subtable>
			<row>
				<label>/index</label>
				<nb_visits>1</nb_visits>
				<nb_hits>1</nb_hits>
				<sum_time_spent>79</sum_time_spent>
				<sum_bandwidth>43</sum_bandwidth>
				<nb_hits_with_bandwidth>1</nb_hits_with_bandwidth>
				<min_bandwidth>43</min_bandwidth>
				<max_bandwidth>43</max_bandwidth>
				<entry_nb_visits>1</entry_nb_visits>
				<entry_nb_actions>2</entry_nb_actions>
				<entry_sum_visit_length>80</entry_sum_visit_length>
				<entry_bounce_count>0</entry_bounce_count>
				<sum_daily_nb_uniq_visitors>1</sum_daily_nb_uniq_visitors>
				<sum_daily_entry_nb_uniq_visitors>1</sum_daily_entry_nb_uniq_visitors>
				<avg_time_on_page>79</avg_time_on_page>
				<bounce_rate>0%</bounce_rate>
				<exit_rate>0%</exit_rate>
				<url>http://piwik.org/changelog/</url>
				<segment>pageUrl==http%253A%252F%252Fpiwik.org%252Fchangelog%252F</segment>
			</row>
		</subtable>
	</row>
	<row>
		<label>contact</label>
		<nb_visits>1</nb_visits>
		<nb_hits>1</nb_hits>
		<sum_time_spent>0</sum_time_spent>
		<nb_hits_with_time_generation>0</nb_hits_with_time_generation>
		<min_time_generation />
		<max_time_generation>0</max_time_generation>
		<sum_bandwidth>43</sum_bandwidth>
		<nb_hits_with_bandwidth>1</nb_hits_with_bandwidth>
		<min_bandwidth>43</min_bandwidth>
		<max_bandwidth>43</max_bandwidth>
		<exit_nb_visits>1</exit_nb_visits>
		<avg_bandwidth>43</avg_bandwidth>
		<avg_page_load_time>0</avg_page_load_time>
		<avg_time_on_page>0</avg_time_on_page>
		<bounce_rate>0%</bounce_rate>
		<exit_rate>100%</exit_rate>
		<avg_time_generation>0</avg_time_generation>
		<segment>pageUrl=^http%253A%252F%252Fexample-site-three.com%252Fcontact</segment>
		<subtable>
			<row>
				<label>/index</label>
				<nb_visits>1</nb_visits>
				<nb_hits>1</nb_hits>
				<sum_time_spent>0</sum_time_spent>
				<sum_bandwidth>43</sum_bandwidth>
				<nb_hits_with_bandwidth>1</nb_hits_with_bandwidth>
				<min_bandwidth>43</min_bandwidth>
				<max_bandwidth>43</max_bandwidth>
				<exit_nb_visits>1</exit_nb_visits>
				<sum_daily_nb_uniq_visitors>1</sum_daily_nb_uniq_visitors>
				<sum_daily_exit_nb_uniq_visitors>1</sum_daily_exit_nb_uniq_visitors>
				<avg_time_on_page>0</avg_time_on_page>
				<bounce_rate>0%</bounce_rate>
				<exit_rate>100%</exit_rate>
				<url>http://piwik.org/contact/</url>
				<segment>pageUrl==http%253A%252F%252Fpiwik.org%252Fcontact%252F</segment>
			</row>
		</subtable>
	</row>
	<row>
		<label>docs</label>
		<nb_visits>1</nb_visits>
		<nb_hits>1</nb_hits>
		<sum_time_spent>0</sum_time_spent>
		<nb_hits_with_time_generation>1</nb_hits_with_time_generation>
		<min_time_generation>0.134</min_time_generation>
		<max_time_generation>0.134</max_time_generation>
		<sum_bandwidth>43</sum_bandwidth>
		<nb_hits_with_bandwidth>1</nb_hits_with_bandwidth>
		<min_bandwidth>43</min_bandwidth>
		<max_bandwidth>43</max_bandwidth>
		<entry_nb_visits>1</entry_nb_visits>
		<entry_nb_actions>1</entry_nb_actions>
		<entry_sum_visit_length>0</entry_sum_visit_length>
		<entry_bounce_count>1</entry_bounce_count>
		<exit_nb_visits>1</exit_nb_visits>
		<avg_bandwidth>43</avg_bandwidth>
		<avg_page_load_time>0</avg_page_load_time>
		<avg_time_on_page>0</avg_time_on_page>
		<bounce_rate>100%</bounce_rate>
		<exit_rate>100%</exit_rate>
		<avg_time_generation>0.134</avg_time_generation>
		<segment>pageUrl=^http%253A%252F%252Fexample-site-three.com%252Fdocs</segment>
		<subtable>
			<row>
				<label>installation</label>
				<nb_visits>1</nb_visits>
				<nb_hits>1</nb_hits>
				<sum_time_spent>0</sum_time_spent>
				<nb_hits_with_time_generation>1</nb_hits_with_time_generation>
				<min_time_generation>0.134</min_time_generation>
				<max_time_generation>0.134</max_time_generation>
				<sum_bandwidth>43</sum_bandwidth>
				<nb_hits_with_bandwidth>1</nb_hits_with_bandwidth>
				<min_bandwidth>43</min_bandwidth>
				<max_bandwidth>43</max_bandwidth>
				<entry_nb_visits>1</entry_nb_visits>
				<entry_nb_actions>1</entry_nb_actions>
				<entry_sum_visit_length>0</entry_sum_visit_length>
				<entry_bounce_count>1</entry_bounce_count>
				<exit_nb_visits>1</exit_nb_visits>
				<avg_time_on_page>0</avg_time_on_page>
				<bounce_rate>100%</bounce_rate>
				<exit_rate>100%</exit_rate>
				<avg_time_generation>0.134</avg_time_generation>
				<segment>pageUrl=^http%253A%252F%252Fexample-site-three.com%252Fdocs%252Finstallation</segment>
				<subtable>
					<row>
						<label>/index</label>
						<nb_visits>1</nb_visits>
						<nb_hits>1</nb_hits>
						<sum_time_spent>0</sum_time_spent>
						<nb_hits_with_time_generation>1</nb_hits_with_time_generation>
						<min_time_generation>0.134</min_time_generation>
						<max_time_generation>0.134</max_time_generation>
						<sum_bandwidth>43</sum_bandwidth>
						<nb_hits_with_bandwidth>1</nb_hits_with_bandwidth>
						<min_bandwidth>43</min_bandwidth>
						<max_bandwidth>43</max_bandwidth>
						<entry_nb_visits>1</entry_nb_visits>
						<entry_nb_actions>1</entry_nb_actions>
						<entry_sum_visit_length>0</entry_sum_visit_length>
						<entry_bounce_count>1</entry_bounce_count>
						<exit_nb_visits>1</exit_nb_visits>
						<sum_daily_nb_uniq_visitors>1</sum_daily_nb_uniq_visitors>
						<sum_daily_entry_nb_uniq_visitors>1</sum_daily_entry_nb_uniq_visitors>
						<sum_daily_exit_nb_uniq_visitors>1</sum_daily_exit_nb_uniq_visitors>
						<avg_time_on_page>0</avg_time_on_page>
						<bounce_rate>100%</bounce_rate>
						<exit_rate>100%</exit_rate>
						<avg_time_generation>0.134</avg_time_generation>
						<url>http://piwik.org/docs/installation/</url>
						<segment>pageUrl==http%253A%252F%252Fpiwik.org%252Fdocs%252Finstallation%252F</segment>
					</row>
				</subtable>
			</row>
		</subtable>
	</row>
	<row>
		<label>download</label>
		<nb_visits>1</nb_visits>
		<nb_hits>1</nb_hits>
		<sum_time_spent>7</sum_time_spent>
		<nb_hits_with_time_generation>1</nb_hits_with_time_generation>
		<min_time_generation>0.113</min_time_generation>
		<max_time_generation>0.113</max_time_generation>
		<sum_bandwidth>43</sum_bandwidth>
		<nb_hits_with_bandwidth>1</nb_hits_with_bandwidth>
		<min_bandwidth>43</min_bandwidth>
		<max_bandwidth>43</max_bandwidth>
		<exit_nb_visits>1</exit_nb_visits>
		<avg_bandwidth>43</avg_bandwidth>
		<avg_page_load_time>0</avg_page_load_time>
		<avg_time_on_page>7</avg_time_on_page>
		<bounce_rate>0%</bounce_rate>
		<exit_rate>100%</exit_rate>
		<avg_time_generation>0.113</avg_time_generation>
		<segment>pageUrl=^http%253A%252F%252Fexample-site-three.com%252Fdownload</segment>
		<subtable>
			<row>
				<label>/index</label>
				<nb_visits>1</nb_visits>
				<nb_hits>1</nb_hits>
				<sum_time_spent>7</sum_time_spent>
				<nb_hits_with_time_generation>1</nb_hits_with_time_generation>
				<min_time_generation>0.113</min_time_generation>
				<max_time_generation>0.113</max_time_generation>
				<sum_bandwidth>43</sum_bandwidth>
				<nb_hits_with_bandwidth>1</nb_hits_with_bandwidth>
				<min_bandwidth>43</min_bandwidth>
				<max_bandwidth>43</max_bandwidth>
				<exit_nb_visits>1</exit_nb_visits>
				<sum_daily_nb_uniq_visitors>1</sum_daily_nb_uniq_visitors>
				<sum_daily_exit_nb_uniq_visitors>1</sum_daily_exit_nb_uniq_visitors>
				<avg_time_on_page>7</avg_time_on_page>
				<bounce_rate>0%</bounce_rate>
				<exit_rate>100%</exit_rate>
				<avg_time_generation>0.113</avg_time_generation>
				<url>http://piwik.org/download/</url>
				<segment>pageUrl==http%253A%252F%252Fpiwik.org%252Fdownload%252F</segment>
			</row>
		</subtable>
	</row>
	<row>
		<label>what-is-piwisk</label>
		<nb_visits>1</nb_visits>
		<nb_hits>1</nb_hits>
		<sum_time_spent>0</sum_time_spent>
		<nb_hits_with_time_generation>0</nb_hits_with_time_generation>
		<min_time_generation />
		<max_time_generation>0</max_time_generation>
		<sum_bandwidth>43</sum_bandwidth>
		<nb_hits_with_bandwidth>1</nb_hits_with_bandwidth>
		<min_bandwidth>43</min_bandwidth>
		<max_bandwidth>43</max_bandwidth>
		<exit_nb_visits>1</exit_nb_visits>
		<avg_bandwidth>43</avg_bandwidth>
		<avg_page_load_time>0</avg_page_load_time>
		<avg_time_on_page>0</avg_time_on_page>
		<bounce_rate>0%</bounce_rate>
		<exit_rate>100%</exit_rate>
		<avg_time_generation>0</avg_time_generation>
		<segment>pageUrl=^http%253A%252F%252Fexample-site-three.com%252Fwhat-is-piwisk</segment>
		<subtable>
			<row>
				<label>/index</label>
				<nb_visits>1</nb_visits>
				<nb_hits>1</nb_hits>
				<sum_time_spent>0</sum_time_spent>
				<sum_bandwidth>43</sum_bandwidth>
				<nb_hits_with_bandwidth>1</nb_hits_with_bandwidth>
				<min_bandwidth>43</min_bandwidth>
				<max_bandwidth>43</max_bandwidth>
				<exit_nb_visits>1</exit_nb_visits>
				<sum_daily_nb_uniq_visitors>1</sum_daily_nb_uniq_visitors>
				<sum_daily_exit_nb_uniq_visitors>1</sum_daily_exit_nb_uniq_visitors>
				<avg_time_on_page>0</avg_time_on_page>
				<bounce_rate>0%</bounce_rate>
				<exit_rate>100%</exit_rate>
				<url>http://piwik.org/what-is-piwisk/</url>
				<segment>pageUrl==http%253A%252F%252Fpiwik.org%252Fwhat-is-piwisk%252F</segment>
			</row>
		</subtable>
	</row>
</result>