<?xml version="1.0" encoding="utf-8" ?>
<result>
	<row>
		<label> Looking at homepage after site search...</label>
		<nb_visits>1</nb_visits>
		<nb_uniq_visitors>1</nb_uniq_visitors>
		<nb_hits>1</nb_hits>
		<sum_time_spent>0</sum_time_spent>
		<nb_hits_following_search>1</nb_hits_following_search>
		<nb_hits_with_time_generation>1</nb_hits_with_time_generation>
		<min_time_generation>0.024</min_time_generation>
		<max_time_generation>0.024</max_time_generation>
		<nb_hits_with_time_latency>1</nb_hits_with_time_latency>
		<min_time_latency>0.0960</min_time_latency>
		<max_time_latency>0.0960</max_time_latency>
		<nb_hits_with_time_transfer>1</nb_hits_with_time_transfer>
		<min_time_transfer>0.2000</min_time_transfer>
		<max_time_transfer>0.2000</max_time_transfer>
		<nb_hits_with_time_dom_processing>1</nb_hits_with_time_dom_processing>
		<min_time_dom_processing>0.9550</min_time_dom_processing>
		<max_time_dom_processing>0.9550</max_time_dom_processing>
		<nb_hits_with_time_dom_completion>1</nb_hits_with_time_dom_completion>
		<min_time_dom_completion>0.5660</min_time_dom_completion>
		<max_time_dom_completion>0.5660</max_time_dom_completion>
		<nb_hits_with_time_on_load>1</nb_hits_with_time_on_load>
		<min_time_on_load>0.2000</min_time_on_load>
		<max_time_on_load>0.2000</max_time_on_load>
		<sum_bandwidth>0</sum_bandwidth>
		<nb_hits_with_bandwidth>0</nb_hits_with_bandwidth>
		<min_bandwidth />
		<max_bandwidth />
		<exit_nb_uniq_visitors>1</exit_nb_uniq_visitors>
		<exit_nb_visits>1</exit_nb_visits>
		<avg_bandwidth>0</avg_bandwidth>
		<avg_time_latency>0.096</avg_time_latency>
		<avg_time_transfer>0.2</avg_time_transfer>
		<avg_time_dom_processing>0.955</avg_time_dom_processing>
		<avg_time_dom_completion>0.566</avg_time_dom_completion>
		<avg_time_on_load>0.2</avg_time_on_load>
		<avg_page_load_time>2.017</avg_page_load_time>
		<avg_time_on_page>0</avg_time_on_page>
		<bounce_rate>0%</bounce_rate>
		<exit_rate>100%</exit_rate>
		<avg_time_generation>0.024</avg_time_generation>
	</row>
</result>