<?xml version="1.0" encoding="utf-8" ?>
<result>
	<row>
		<label> subtitle &lt;&gt;,;</label>
		<nb_visits>1</nb_visits>
		<nb_uniq_visitors>1</nb_uniq_visitors>
		<nb_hits>1</nb_hits>
		<sum_time_spent>324</sum_time_spent>
		<nb_hits_with_time_generation>1</nb_hits_with_time_generation>
		<min_time_generation>0.153</min_time_generation>
		<max_time_generation>0.153</max_time_generation>
		<sum_bandwidth>0</sum_bandwidth>
		<nb_hits_with_bandwidth>0</nb_hits_with_bandwidth>
		<min_bandwidth />
		<max_bandwidth />
		<avg_bandwidth>0</avg_bandwidth>
		<avg_page_load_time>0</avg_page_load_time>
		<avg_time_on_page>324</avg_time_on_page>
		<bounce_rate>0%</bounce_rate>
		<exit_rate>0%</exit_rate>
		<avg_time_generation>0.153</avg_time_generation>
		<segment>pageTitle==incredible%2Bparent%2Btitle%2521%2B%2526lt%253B%2526gt%253B%252C%253B%252Fsubtitle%2B%2526lt%253B%2526gt%253B%252C%253B</segment>
	</row>
</result>