<?xml version="1.0" encoding="utf-8" ?>
<result>
	<avg_time_latency>0.11</avg_time_latency>
	<avg_time_transfer>0.35</avg_time_transfer>
	<avg_time_dom_processing>1.05</avg_time_dom_processing>
	<avg_time_dom_completion>0.37</avg_time_dom_completion>
	<avg_time_on_load>0.15</avg_time_on_load>
	<avg_page_load_time>2.03</avg_page_load_time>
</result>