<?xml version="1.0" encoding="utf-8" ?>
<result>
	<row>
		<label> Contact</label>
		<nb_visits>1</nb_visits>
		<nb_uniq_visitors>1</nb_uniq_visitors>
		<nb_hits>2</nb_hits>
		<sum_time_spent>0</sum_time_spent>
		<nb_hits_with_time_latency>2</nb_hits_with_time_latency>
		<min_time_latency>0.0770</min_time_latency>
		<max_time_latency>0.0990</max_time_latency>
		<nb_hits_with_time_transfer>2</nb_hits_with_time_transfer>
		<min_time_transfer>0.2980</min_time_transfer>
		<max_time_transfer>0.4120</max_time_transfer>
		<nb_hits_with_time_dom_processing>2</nb_hits_with_time_dom_processing>
		<min_time_dom_processing>0.9990</min_time_dom_processing>
		<max_time_dom_processing>1.0550</max_time_dom_processing>
		<nb_hits_with_time_dom_completion>2</nb_hits_with_time_dom_completion>
		<min_time_dom_completion>0.3330</min_time_dom_completion>
		<max_time_dom_completion>0.4120</max_time_dom_completion>
		<nb_hits_with_time_on_load>2</nb_hits_with_time_on_load>
		<min_time_on_load>0.0770</min_time_on_load>
		<max_time_on_load>0.2320</max_time_on_load>
		<sum_bandwidth>0</sum_bandwidth>
		<nb_hits_with_bandwidth>0</nb_hits_with_bandwidth>
		<min_bandwidth />
		<max_bandwidth />
		<exit_nb_uniq_visitors>1</exit_nb_uniq_visitors>
		<exit_nb_visits>1</exit_nb_visits>
		<avg_time_latency>0.088</avg_time_latency>
		<avg_time_transfer>0.355</avg_time_transfer>
		<avg_time_dom_processing>1.027</avg_time_dom_processing>
		<avg_time_dom_completion>0.373</avg_time_dom_completion>
		<avg_time_on_load>0.155</avg_time_on_load>
		<avg_page_load_time>1.998</avg_page_load_time>
		<avg_bandwidth>0</avg_bandwidth>
		<avg_time_on_page>0</avg_time_on_page>
		<bounce_rate>0%</bounce_rate>
		<exit_rate>100%</exit_rate>
		<segment>pageTitle==Contact</segment>
	</row>
	<row>
		<label> Page Title 1</label>
		<nb_visits>1</nb_visits>
		<nb_uniq_visitors>1</nb_uniq_visitors>
		<nb_hits>1</nb_hits>
		<sum_time_spent>0</sum_time_spent>
		<nb_hits_with_time_latency>1</nb_hits_with_time_latency>
		<min_time_latency>0.1500</min_time_latency>
		<max_time_latency>0.1500</max_time_latency>
		<nb_hits_with_time_transfer>1</nb_hits_with_time_transfer>
		<min_time_transfer>0.3330</min_time_transfer>
		<max_time_transfer>0.3330</max_time_transfer>
		<nb_hits_with_time_dom_processing>1</nb_hits_with_time_dom_processing>
		<min_time_dom_processing>1.1010</min_time_dom_processing>
		<max_time_dom_processing>1.1010</max_time_dom_processing>
		<nb_hits_with_time_dom_completion>1</nb_hits_with_time_dom_completion>
		<min_time_dom_completion>0.3690</min_time_dom_completion>
		<max_time_dom_completion>0.3690</max_time_dom_completion>
		<nb_hits_with_time_on_load>1</nb_hits_with_time_on_load>
		<min_time_on_load>0.1500</min_time_on_load>
		<max_time_on_load>0.1500</max_time_on_load>
		<sum_bandwidth>0</sum_bandwidth>
		<nb_hits_with_bandwidth>0</nb_hits_with_bandwidth>
		<min_bandwidth />
		<max_bandwidth />
		<entry_nb_uniq_visitors>1</entry_nb_uniq_visitors>
		<entry_nb_visits>1</entry_nb_visits>
		<entry_nb_actions>3</entry_nb_actions>
		<entry_sum_visit_length>1</entry_sum_visit_length>
		<entry_bounce_count>0</entry_bounce_count>
		<avg_time_latency>0.15</avg_time_latency>
		<avg_time_transfer>0.333</avg_time_transfer>
		<avg_time_dom_processing>1.101</avg_time_dom_processing>
		<avg_time_dom_completion>0.369</avg_time_dom_completion>
		<avg_time_on_load>0.15</avg_time_on_load>
		<avg_page_load_time>2.103</avg_page_load_time>
		<avg_bandwidth>0</avg_bandwidth>
		<avg_time_on_page>0</avg_time_on_page>
		<bounce_rate>0%</bounce_rate>
		<exit_rate>0%</exit_rate>
		<segment>pageTitle==Page%2BTitle%2B1</segment>
	</row>
</result>